src/components/dashboard/skeletons/ChartsSkeleton.tsx(1,40): error TS1149: File name 'C:/programing/medicore/src/components/ui/skeleton.tsx' differs from already included file name 'C:/programing/medicore/src/components/ui/Skeleton.tsx' only in casing.
  The file is in the program because:
    Imported via "./Skeleton" from file 'C:/programing/medicore/src/components/ui/index.ts'
    Imported via "@/components/ui/skeleton" from file 'C:/programing/medicore/src/components/dashboard/skeletons/StatsGridSkeleton.tsx'
    Imported via "@/components/ui/skeleton" from file 'C:/programing/medicore/src/components/dashboard/skeletons/ChartsSkeleton.tsx'
    Imported via "@/components/ui/skeleton" from file 'C:/programing/medicore/src/components/dashboard/skeletons/MedicalPointsGridSkeleton.tsx'
    Imported via "@/components/ui/skeleton" from file 'C:/programing/medicore/src/components/dashboard/skeletons/LowStockAlertsSkeleton.tsx'
    Imported via "@/components/ui/skeleton" from file 'C:/programing/medicore/src/components/dashboard/skeletons/RecentRequestsSkeleton.tsx'
    Imported via "@/components/ui/skeleton" from file 'C:/programing/medicore/src/components/dashboard/skeletons/MedicalPointsTableSkeleton.tsx'
    Imported via "@/components/ui/skeleton" from file 'C:/programing/medicore/src/components/dashboard/skeletons/MedicalPointDetailsSkeleton.tsx'
    Matched by include pattern '**/*.tsx' in 'tsconfig.json'
src/components/dashboard/skeletons/LowStockAlertsSkeleton.tsx(1,40): error TS1149: File name 'C:/programing/medicore/src/components/ui/skeleton.tsx' differs from already included file name 'C:/programing/medicore/src/components/ui/Skeleton.tsx' only in casing.
  The file is in the program because:
    Imported via "./Skeleton" from file 'C:/programing/medicore/src/components/ui/index.ts'
    Imported via "@/components/ui/skeleton" from file 'C:/programing/medicore/src/components/dashboard/skeletons/StatsGridSkeleton.tsx'
    Imported via "@/components/ui/skeleton" from file 'C:/programing/medicore/src/components/dashboard/skeletons/ChartsSkeleton.tsx'
    Imported via "@/components/ui/skeleton" from file 'C:/programing/medicore/src/components/dashboard/skeletons/MedicalPointsGridSkeleton.tsx'
    Imported via "@/components/ui/skeleton" from file 'C:/programing/medicore/src/components/dashboard/skeletons/LowStockAlertsSkeleton.tsx'
    Imported via "@/components/ui/skeleton" from file 'C:/programing/medicore/src/components/dashboard/skeletons/RecentRequestsSkeleton.tsx'
    Imported via "@/components/ui/skeleton" from file 'C:/programing/medicore/src/components/dashboard/skeletons/MedicalPointsTableSkeleton.tsx'
    Imported via "@/components/ui/skeleton" from file 'C:/programing/medicore/src/components/dashboard/skeletons/MedicalPointDetailsSkeleton.tsx'
    Matched by include pattern '**/*.tsx' in 'tsconfig.json'
src/components/dashboard/skeletons/MedicalPointDetailsSkeleton.tsx(1,40): error TS1149: File name 'C:/programing/medicore/src/components/ui/skeleton.tsx' differs from already included file name 'C:/programing/medicore/src/components/ui/Skeleton.tsx' only in casing.
  The file is in the program because:
    Imported via "./Skeleton" from file 'C:/programing/medicore/src/components/ui/index.ts'
    Imported via "@/components/ui/skeleton" from file 'C:/programing/medicore/src/components/dashboard/skeletons/StatsGridSkeleton.tsx'
    Imported via "@/components/ui/skeleton" from file 'C:/programing/medicore/src/components/dashboard/skeletons/ChartsSkeleton.tsx'
    Imported via "@/components/ui/skeleton" from file 'C:/programing/medicore/src/components/dashboard/skeletons/MedicalPointsGridSkeleton.tsx'
    Imported via "@/components/ui/skeleton" from file 'C:/programing/medicore/src/components/dashboard/skeletons/LowStockAlertsSkeleton.tsx'
    Imported via "@/components/ui/skeleton" from file 'C:/programing/medicore/src/components/dashboard/skeletons/RecentRequestsSkeleton.tsx'
    Imported via "@/components/ui/skeleton" from file 'C:/programing/medicore/src/components/dashboard/skeletons/MedicalPointsTableSkeleton.tsx'
    Imported via "@/components/ui/skeleton" from file 'C:/programing/medicore/src/components/dashboard/skeletons/MedicalPointDetailsSkeleton.tsx'
    Matched by include pattern '**/*.tsx' in 'tsconfig.json'
src/components/dashboard/skeletons/MedicalPointsGridSkeleton.tsx(1,40): error TS1149: File name 'C:/programing/medicore/src/components/ui/skeleton.tsx' differs from already included file name 'C:/programing/medicore/src/components/ui/Skeleton.tsx' only in casing.
  The file is in the program because:
    Imported via "./Skeleton" from file 'C:/programing/medicore/src/components/ui/index.ts'
    Imported via "@/components/ui/skeleton" from file 'C:/programing/medicore/src/components/dashboard/skeletons/StatsGridSkeleton.tsx'
    Imported via "@/components/ui/skeleton" from file 'C:/programing/medicore/src/components/dashboard/skeletons/ChartsSkeleton.tsx'
    Imported via "@/components/ui/skeleton" from file 'C:/programing/medicore/src/components/dashboard/skeletons/MedicalPointsGridSkeleton.tsx'
    Imported via "@/components/ui/skeleton" from file 'C:/programing/medicore/src/components/dashboard/skeletons/LowStockAlertsSkeleton.tsx'
    Imported via "@/components/ui/skeleton" from file 'C:/programing/medicore/src/components/dashboard/skeletons/RecentRequestsSkeleton.tsx'
    Imported via "@/components/ui/skeleton" from file 'C:/programing/medicore/src/components/dashboard/skeletons/MedicalPointsTableSkeleton.tsx'
    Imported via "@/components/ui/skeleton" from file 'C:/programing/medicore/src/components/dashboard/skeletons/MedicalPointDetailsSkeleton.tsx'
    Matched by include pattern '**/*.tsx' in 'tsconfig.json'
src/components/dashboard/skeletons/MedicalPointsTableSkeleton.tsx(1,26): error TS1149: File name 'C:/programing/medicore/src/components/ui/skeleton.tsx' differs from already included file name 'C:/programing/medicore/src/components/ui/Skeleton.tsx' only in casing.
  The file is in the program because:
    Imported via "./Skeleton" from file 'C:/programing/medicore/src/components/ui/index.ts'
    Imported via "@/components/ui/skeleton" from file 'C:/programing/medicore/src/components/dashboard/skeletons/StatsGridSkeleton.tsx'
    Imported via "@/components/ui/skeleton" from file 'C:/programing/medicore/src/components/dashboard/skeletons/ChartsSkeleton.tsx'
    Imported via "@/components/ui/skeleton" from file 'C:/programing/medicore/src/components/dashboard/skeletons/MedicalPointsGridSkeleton.tsx'
    Imported via "@/components/ui/skeleton" from file 'C:/programing/medicore/src/components/dashboard/skeletons/LowStockAlertsSkeleton.tsx'
    Imported via "@/components/ui/skeleton" from file 'C:/programing/medicore/src/components/dashboard/skeletons/RecentRequestsSkeleton.tsx'
    Imported via "@/components/ui/skeleton" from file 'C:/programing/medicore/src/components/dashboard/skeletons/MedicalPointsTableSkeleton.tsx'
    Imported via "@/components/ui/skeleton" from file 'C:/programing/medicore/src/components/dashboard/skeletons/MedicalPointDetailsSkeleton.tsx'
    Matched by include pattern '**/*.tsx' in 'tsconfig.json'
src/components/dashboard/skeletons/RecentRequestsSkeleton.tsx(1,40): error TS1149: File name 'C:/programing/medicore/src/components/ui/skeleton.tsx' differs from already included file name 'C:/programing/medicore/src/components/ui/Skeleton.tsx' only in casing.
  The file is in the program because:
    Imported via "./Skeleton" from file 'C:/programing/medicore/src/components/ui/index.ts'
    Imported via "@/components/ui/skeleton" from file 'C:/programing/medicore/src/components/dashboard/skeletons/StatsGridSkeleton.tsx'
    Imported via "@/components/ui/skeleton" from file 'C:/programing/medicore/src/components/dashboard/skeletons/ChartsSkeleton.tsx'
    Imported via "@/components/ui/skeleton" from file 'C:/programing/medicore/src/components/dashboard/skeletons/MedicalPointsGridSkeleton.tsx'
    Imported via "@/components/ui/skeleton" from file 'C:/programing/medicore/src/components/dashboard/skeletons/LowStockAlertsSkeleton.tsx'
    Imported via "@/components/ui/skeleton" from file 'C:/programing/medicore/src/components/dashboard/skeletons/RecentRequestsSkeleton.tsx'
    Imported via "@/components/ui/skeleton" from file 'C:/programing/medicore/src/components/dashboard/skeletons/MedicalPointsTableSkeleton.tsx'
    Imported via "@/components/ui/skeleton" from file 'C:/programing/medicore/src/components/dashboard/skeletons/MedicalPointDetailsSkeleton.tsx'
    Matched by include pattern '**/*.tsx' in 'tsconfig.json'
src/components/dashboard/skeletons/StatsGridSkeleton.tsx(1,40): error TS1149: File name 'C:/programing/medicore/src/components/ui/skeleton.tsx' differs from already included file name 'C:/programing/medicore/src/components/ui/Skeleton.tsx' only in casing.
  The file is in the program because:
    Imported via "./Skeleton" from file 'C:/programing/medicore/src/components/ui/index.ts'
    Imported via "@/components/ui/skeleton" from file 'C:/programing/medicore/src/components/dashboard/skeletons/StatsGridSkeleton.tsx'
    Imported via "@/components/ui/skeleton" from file 'C:/programing/medicore/src/components/dashboard/skeletons/ChartsSkeleton.tsx'
    Imported via "@/components/ui/skeleton" from file 'C:/programing/medicore/src/components/dashboard/skeletons/MedicalPointsGridSkeleton.tsx'
    Imported via "@/components/ui/skeleton" from file 'C:/programing/medicore/src/components/dashboard/skeletons/LowStockAlertsSkeleton.tsx'
    Imported via "@/components/ui/skeleton" from file 'C:/programing/medicore/src/components/dashboard/skeletons/RecentRequestsSkeleton.tsx'
    Imported via "@/components/ui/skeleton" from file 'C:/programing/medicore/src/components/dashboard/skeletons/MedicalPointsTableSkeleton.tsx'
    Imported via "@/components/ui/skeleton" from file 'C:/programing/medicore/src/components/dashboard/skeletons/MedicalPointDetailsSkeleton.tsx'
    Matched by include pattern '**/*.tsx' in 'tsconfig.json'
